nox > Running session nextflow
nox > Reusing existing virtual environment at .nox/nextflow.
nox > nextflow run /home/hllelli2/Programs/FoldSeekStrucAnnoFlow/FoldSeekStrucAnnoFlow/main.nf -profile singularity_slurm --project_name af3_afum_330_new --pdb_zip_file /home/hllelli2/inputs/foldseekanno/afum_af3.zip -with-dag flow_af3.dot --foldseek_databases_dir /home/hllelli2/foldseek_databases/ --singularity_image_dir /home/hllelli2/singularity_containers --profile local --input_dir /home/hllelli2/Programs/FoldSeekStrucAnnoFlow/FoldSeekStrucAnnoFlow/../inputs/test
[33mNextflow 25.10.4 is available - Please consider updating your version to it(B[m
N E X T F L O W  ~  version 25.10.3
Launching `/home/hllelli2/Programs/FoldSeekStrucAnnoFlow/FoldSeekStrucAnnoFlow/main.nf` [disturbed_ride] DSL2 - revision: 11fdfd0d13

==============================================
Domain Annotation Pipeline
==============================================
Project name        : af3_afum_330_new
UniProt CSV file    : /home/hllelli2/Programs/FoldSeekStrucAnnoFlow/FoldSeekStrucAnnoFlow/external/domain-annotation-pipeline/assets/bfvd/test_bfvd.ids
PDB ZIP file        : /home/hllelli2/inputs/foldseekanno/afum_af3.zip
Main chunk size     : 5
Light chunk size    : 10
Heavy chunk size    : 5
Min chain residues  : 25
Max entries (debug) : N/A
Results dir         : /home/hllelli2/Programs/FoldSeekStrucAnnoFlow/results/af3_afum_330_new
Debug mode          : false
GPU usage         : true
----------------------------------------------
Foldseek Configuration Information
----------------------------------------------
Foldseek target Database Directory : /home/hllelli2/foldseek_databases/
Foldseek E-value Threshold        : 0.476641
Foldseek Coverage Threshold       : 0.459063
Foldseek Executable              : foldseek
Foldseek Database Names           : cath_v4_4_0_s95_db

==============================================

collect_results_script_ch: /home/hllelli2/Programs/FoldSeekStrucAnnoFlow/FoldSeekStrucAnnoFlow/external/domain-annotation-pipeline/docker/script/combine_results_final.py
[6c/37866a] Submitted process > input_structure_zip_to_ids
[77/942a9a] Submitted process > dummy_taxonomy_file
[f5/6f71c7] Submitted process > extract_structures_from_zip (14)
[35/75486e] Submitted process > extract_structures_from_zip (6)
[70/47eee5] Submitted process > extract_structures_from_zip (27)
[13/eb0f2c] Submitted process > extract_structures_from_zip (28)
[04/f39033] Submitted process > extract_structures_from_zip (21)
[4b/2e8d0d] Submitted process > extract_structures_from_zip (4)
[ca/1ec6fc] Submitted process > extract_structures_from_zip (22)
[8e/46964e] Submitted process > extract_structures_from_zip (19)
[f2/89a7a2] Submitted process > extract_structures_from_zip (10)
[56/ae3efc] Submitted process > extract_structures_from_zip (17)
[ac/bc2e05] Submitted process > extract_structures_from_zip (5)
[12/779117] Submitted process > extract_structures_from_zip (7)
[e7/87e4b0] Submitted process > extract_structures_from_zip (25)
[df/c85ce7] Submitted process > extract_structures_from_zip (32)
[c4/04732a] Submitted process > extract_structures_from_zip (11)
[74/603e40] Submitted process > extract_structures_from_zip (2)
[20/3842b6] Submitted process > extract_structures_from_zip (16)
[ec/19336c] Submitted process > extract_structures_from_zip (12)
[9c/793b43] Submitted process > extract_structures_from_zip (15)
[16/a99141] Submitted process > extract_structures_from_zip (26)
[45/685c34] Submitted process > extract_structures_from_zip (3)
[e6/1908de] Submitted process > extract_structures_from_zip (24)
[53/4257b2] Submitted process > extract_structures_from_zip (18)
[90/064ff2] Submitted process > extract_structures_from_zip (13)
[f3/be24fb] Submitted process > extract_structures_from_zip (43)
[c4/4dfa7c] Submitted process > extract_structures_from_zip (30)
[4c/6f185a] Submitted process > extract_structures_from_zip (33)
[52/0be9c0] Submitted process > extract_structures_from_zip (31)
[00/0af18c] Submitted process > extract_structures_from_zip (45)
[a1/535652] Submitted process > extract_structures_from_zip (47)
[de/25d48b] Submitted process > extract_structures_from_zip (34)
[d5/31986e] Submitted process > extract_structures_from_zip (8)
[e9/a2f68f] Submitted process > extract_structures_from_zip (42)
[ec/22c425] Submitted process > extract_structures_from_zip (9)
[6f/a042ed] Submitted process > extract_structures_from_zip (44)
[26/e9c20d] Submitted process > extract_structures_from_zip (41)
[c3/267f49] Submitted process > extract_structures_from_zip (53)
[71/0fe06d] Submitted process > extract_structures_from_zip (1)
[a8/f791e2] Submitted process > extract_structures_from_zip (29)
[ba/6d5a6a] Submitted process > extract_structures_from_zip (40)
[9c/e12a6c] Submitted process > extract_structures_from_zip (23)
[f2/c314a5] Submitted process > extract_structures_from_zip (37)
[c8/29ef28] Submitted process > extract_structures_from_zip (35)
[b5/ee54d8] Submitted process > extract_structures_from_zip (56)
[19/1a008c] Submitted process > extract_structures_from_zip (63)
[00/d1133f] Submitted process > extract_structures_from_zip (52)
[42/510542] Submitted process > extract_structures_from_zip (36)
[fc/3897c3] Submitted process > extract_structures_from_zip (58)
[d3/4a3022] Submitted process > extract_structures_from_zip (39)
[cf/6717c3] Submitted process > extract_structures_from_zip (61)
[fa/6cbe2a] Submitted process > extract_structures_from_zip (20)
[1e/44dc46] Submitted process > extract_structures_from_zip (66)
[26/dbf867] Submitted process > extract_structures_from_zip (57)
[a1/dfb4c9] Submitted process > extract_structures_from_zip (49)
[29/690675] Submitted process > extract_structures_from_zip (46)
[59/c3336c] Submitted process > extract_structures_from_zip (55)
[fd/c98591] Submitted process > extract_structures_from_zip (50)
[c3/363ba3] Submitted process > extract_structures_from_zip (54)
[9e/06d03c] Submitted process > extract_structures_from_zip (62)
[51/f6408a] Submitted process > extract_structures_from_zip (38)
[16/b4d4bd] Submitted process > extract_structures_from_zip (51)
[37/0c6e50] Submitted process > extract_structures_from_zip (48)
[62/2f5c43] Submitted process > extract_structures_from_zip (60)
[a6/55e051] Submitted process > extract_structures_from_zip (64)
[64/39f444] Submitted process > extract_structures_from_zip (65)
[0b/6c0afb] Submitted process > extract_structures_from_zip (59)
[62/4c73fe] Submitted process > convert_cifs_to_pdb (7)
[f3/3e0053] Submitted process > convert_cifs_to_pdb (21)
[79/a41165] Submitted process > convert_cifs_to_pdb (1)
[87/957d68] Submitted process > convert_cifs_to_pdb (17)
[43/887696] Submitted process > convert_cifs_to_pdb (2)
[0b/8bc476] Submitted process > convert_cifs_to_pdb (22)
[82/f3a87e] Submitted process > convert_cifs_to_pdb (13)
[0a/36e7b4] Submitted process > convert_cifs_to_pdb (9)
[45/06d666] Submitted process > convert_cifs_to_pdb (29)
[ed/77f2f8] Submitted process > convert_cifs_to_pdb (12)
[6a/589c88] Submitted process > convert_cifs_to_pdb (26)
[70/c18622] Submitted process > convert_cifs_to_pdb (6)
[2e/a60748] Submitted process > convert_cifs_to_pdb (23)
[35/9ac275] Submitted process > convert_cifs_to_pdb (18)
[10/dabc2e] Submitted process > convert_cifs_to_pdb (30)
[56/d0f2ff] Submitted process > convert_cifs_to_pdb (25)
[92/fea20a] Submitted process > convert_cifs_to_pdb (4)
[f8/44a1e4] Submitted process > convert_cifs_to_pdb (16)
[c7/3b3c80] Submitted process > convert_cifs_to_pdb (15)
[a2/5e7321] Submitted process > convert_cifs_to_pdb (34)
[24/a91fdb] Submitted process > convert_cifs_to_pdb (20)
[7d/65640f] Submitted process > convert_cifs_to_pdb (31)
[b6/b9abdd] Submitted process > convert_cifs_to_pdb (8)
[70/61b9d9] Submitted process > convert_cifs_to_pdb (24)
[9d/643c00] Submitted process > convert_cifs_to_pdb (42)
[b4/efc844] Submitted process > convert_cifs_to_pdb (27)
[8c/7b1474] Submitted process > convert_cifs_to_pdb (10)
[1d/08355d] Submitted process > convert_cifs_to_pdb (39)
[05/8f96fd] Submitted process > convert_cifs_to_pdb (14)
[ff/d533eb] Submitted process > convert_cifs_to_pdb (19)
[db/302d62] Submitted process > convert_cifs_to_pdb (11)
[56/886f90] Submitted process > convert_cifs_to_pdb (36)
[b9/8cec1a] Submitted process > convert_cifs_to_pdb (52)
[2e/678b0f] Submitted process > convert_cifs_to_pdb (28)
[f8/3521b5] Submitted process > convert_cifs_to_pdb (38)
[49/6aa785] Submitted process > convert_cifs_to_pdb (44)
[1a/29a270] Submitted process > convert_cifs_to_pdb (40)
[57/8a1ab6] Submitted process > convert_cifs_to_pdb (35)
[28/f371e8] Submitted process > convert_cifs_to_pdb (37)
[cc/15644b] Submitted process > convert_cifs_to_pdb (33)
[24/99d0fb] Submitted process > convert_cifs_to_pdb (32)
[7f/1c18d6] Submitted process > convert_cifs_to_pdb (48)
[51/4c6881] Submitted process > convert_cifs_to_pdb (49)
[43/e03bdc] Submitted process > convert_cifs_to_pdb (3)
[8b/047a57] Submitted process > convert_cifs_to_pdb (54)
[7e/eccf18] Submitted process > convert_cifs_to_pdb (5)
[60/ed9d5e] Submitted process > convert_cifs_to_pdb (47)
[fc/fcd410] Submitted process > convert_cifs_to_pdb (45)
[c2/004f21] Submitted process > convert_cifs_to_pdb (55)
[b8/791079] Submitted process > convert_cifs_to_pdb (50)
[f7/fe175b] Submitted process > convert_cifs_to_pdb (53)
[4c/d594ea] Submitted process > convert_cifs_to_pdb (60)
[b4/845b02] Submitted process > convert_cifs_to_pdb (41)
[36/1a6f0c] Submitted process > convert_cifs_to_pdb (68)
[e9/fc95b7] Submitted process > convert_cifs_to_pdb (57)
[16/dd3a96] Submitted process > convert_cifs_to_pdb (67)
[59/874ddc] Submitted process > convert_cifs_to_pdb (61)
[ff/8bb518] Submitted process > convert_cifs_to_pdb (43)
[c5/5a08e5] Submitted process > convert_cifs_to_pdb (58)
[34/48488b] Submitted process > convert_cifs_to_pdb (65)
[aa/1c20d8] Submitted process > convert_cifs_to_pdb (64)
[c2/c5048c] Submitted process > convert_cifs_to_pdb (62)
[85/97a9c8] Submitted process > convert_cifs_to_pdb (69)
[3d/67f984] Submitted process > convert_cifs_to_pdb (71)
[a2/1c753e] Submitted process > convert_cifs_to_pdb (59)
[9b/b8bb7a] Submitted process > convert_cifs_to_pdb (51)
[d6/30e3a1] Submitted process > convert_cifs_to_pdb (56)
[42/d2344f] Submitted process > convert_cifs_to_pdb (72)
[6e/613dce] Submitted process > convert_cifs_to_pdb (66)
[23/2046d6] Submitted process > convert_cifs_to_pdb (46)
[6f/0a464f] Submitted process > convert_cifs_to_pdb (74)
[e8/085c2d] Submitted process > convert_cifs_to_pdb (75)
[47/51f5ca] Submitted process > convert_cifs_to_pdb (73)
[ea/957253] Submitted process > convert_cifs_to_pdb (63)
[6e/ef1932] Submitted process > convert_cifs_to_pdb (70)
[b4/aa8820] Submitted process > convert_cifs_to_pdb (77)
[74/386b67] Submitted process > convert_cifs_to_pdb (95)
[6c/4c3ea6] Submitted process > convert_cifs_to_pdb (90)
[77/333580] Submitted process > convert_cifs_to_pdb (81)
[a2/b2e0e9] Submitted process > convert_cifs_to_pdb (83)
[81/16a53d] Submitted process > convert_cifs_to_pdb (84)
[39/4c9d62] Submitted process > convert_cifs_to_pdb (82)
[f7/517ed5] Submitted process > convert_cifs_to_pdb (85)
[93/345372] Submitted process > convert_cifs_to_pdb (94)
[cc/330525] Submitted process > convert_cifs_to_pdb (88)
[65/d21868] Submitted process > convert_cifs_to_pdb (92)
[4c/20287c] Submitted process > convert_cifs_to_pdb (91)
[04/cf5ff0] Submitted process > convert_cifs_to_pdb (78)
[96/b2d8ce] Submitted process > convert_cifs_to_pdb (80)
[91/e0e2c1] Submitted process > convert_cifs_to_pdb (76)
[b5/9057b5] Submitted process > convert_cifs_to_pdb (79)
[70/09f83b] Submitted process > convert_cifs_to_pdb (89)
[c2/2bd197] Submitted process > convert_cifs_to_pdb (87)
[c6/461049] Submitted process > convert_cifs_to_pdb (103)
[09/8e8e6b] Submitted process > convert_cifs_to_pdb (109)
[08/c3b6fb] Submitted process > convert_cifs_to_pdb (112)
[be/5fb168] Submitted process > convert_cifs_to_pdb (106)
[db/aab3e9] Submitted process > convert_cifs_to_pdb (105)
[9e/822821] Submitted process > convert_cifs_to_pdb (97)
[48/b05a3a] Submitted process > convert_cifs_to_pdb (99)
[b3/550694] Submitted process > convert_cifs_to_pdb (116)
[70/9aef75] Submitted process > convert_cifs_to_pdb (86)
[25/5d27c6] Submitted process > convert_cifs_to_pdb (107)
[4b/9b6480] Submitted process > convert_cifs_to_pdb (119)
[3d/973501] Submitted process > convert_cifs_to_pdb (110)
[bc/521595] Submitted process > convert_cifs_to_pdb (96)
[84/dc887f] Submitted process > convert_cifs_to_pdb (122)
[5a/328655] Submitted process > convert_cifs_to_pdb (100)
[c2/367446] Submitted process > convert_cifs_to_pdb (93)
[41/ab378a] Submitted process > convert_cifs_to_pdb (113)
[80/17830e] Submitted process > convert_cifs_to_pdb (111)
[77/5e1604] Submitted process > convert_cifs_to_pdb (104)
[d6/cb9ca9] Submitted process > convert_cifs_to_pdb (120)
[b0/973627] Submitted process > convert_cifs_to_pdb (127)
[c3/30abef] Submitted process > convert_cifs_to_pdb (101)
[94/111db2] Submitted process > convert_cifs_to_pdb (98)
[4e/a0f38c] Submitted process > convert_cifs_to_pdb (117)
[3e/cc3293] Submitted process > convert_cifs_to_pdb (108)
[c6/b46ea4] Submitted process > convert_cifs_to_pdb (115)
[54/407ea9] Submitted process > convert_cifs_to_pdb (129)
[ac/bc357e] Submitted process > convert_cifs_to_pdb (138)
[99/128ceb] Submitted process > convert_cifs_to_pdb (132)
[79/43e890] Submitted process > convert_cifs_to_pdb (130)
[3f/19ca4b] Submitted process > convert_cifs_to_pdb (140)
[24/ff629b] Submitted process > convert_cifs_to_pdb (131)
[5a/eaf162] Submitted process > convert_cifs_to_pdb (125)
[74/0419ba] Submitted process > convert_cifs_to_pdb (128)
[df/c15d36] Submitted process > convert_cifs_to_pdb (143)
[93/37052b] Submitted process > convert_cifs_to_pdb (144)
[6a/59fa64] Submitted process > convert_cifs_to_pdb (123)
[f0/bb0be1] Submitted process > convert_cifs_to_pdb (146)
[f5/7178d3] Submitted process > convert_cifs_to_pdb (150)
[c1/841dd8] Submitted process > convert_cifs_to_pdb (114)
[4c/4d4c74] Submitted process > convert_cifs_to_pdb (102)
[57/200b31] Submitted process > convert_cifs_to_pdb (149)
[b9/2d3be7] Submitted process > convert_cifs_to_pdb (124)
[91/b8c8b9] Submitted process > convert_cifs_to_pdb (137)
[21/eff291] Submitted process > convert_cifs_to_pdb (154)
[1c/995ad9] Submitted process > convert_cifs_to_pdb (139)
[1e/44536e] Submitted process > convert_cifs_to_pdb (147)
[43/c02fa7] Submitted process > convert_cifs_to_pdb (126)
[48/539734] Submitted process > convert_cifs_to_pdb (155)
[40/1c9e3b] Submitted process > convert_cifs_to_pdb (136)
[5d/d95ae5] Submitted process > convert_cifs_to_pdb (148)
[4f/dff219] Submitted process > convert_cifs_to_pdb (141)
[42/4b57c1] Submitted process > convert_cifs_to_pdb (152)
[06/c702cd] Submitted process > convert_cifs_to_pdb (142)
[6a/9be7b0] Submitted process > convert_cifs_to_pdb (135)
[d8/a11071] Submitted process > convert_cifs_to_pdb (121)
[ea/b18140] Submitted process > convert_cifs_to_pdb (133)
[5b/ae8b49] Submitted process > convert_cifs_to_pdb (134)
[42/4667ea] Submitted process > convert_cifs_to_pdb (151)
[57/c39727] Submitted process > convert_cifs_to_pdb (153)
[9d/1bbdac] Submitted process > convert_cifs_to_pdb (145)
[70/d4fcb5] Submitted process > convert_cifs_to_pdb (118)
[83/7e0ce0] Submitted process > convert_cifs_to_pdb (158)
[e5/eae6ae] Submitted process > convert_cifs_to_pdb (164)
[89/ef9200] Submitted process > convert_cifs_to_pdb (174)
[f8/0d2eb5] Submitted process > convert_cifs_to_pdb (175)
[12/748e0e] Submitted process > convert_cifs_to_pdb (172)
[91/7de168] Submitted process > convert_cifs_to_pdb (179)
[e3/299d7c] Submitted process > convert_cifs_to_pdb (176)
[a6/2ab651] Submitted process > convert_cifs_to_pdb (165)
[74/a90326] Submitted process > convert_cifs_to_pdb (170)
[37/f44912] Submitted process > convert_cifs_to_pdb (178)
[a1/7c35d2] Submitted process > convert_cifs_to_pdb (159)
[b2/1963f2] Submitted process > convert_cifs_to_pdb (162)
[0c/0f8c81] Submitted process > convert_cifs_to_pdb (156)
[01/94132f] Submitted process > convert_cifs_to_pdb (163)
[5d/5696aa] Submitted process > convert_cifs_to_pdb (183)
[71/c94296] Submitted process > convert_cifs_to_pdb (187)
[2e/ac9839] Submitted process > convert_cifs_to_pdb (173)
[6c/c767e1] Submitted process > convert_cifs_to_pdb (181)
[b1/40172a] Submitted process > convert_cifs_to_pdb (167)
[29/9aa470] Submitted process > convert_cifs_to_pdb (161)
[86/bd0bb6] Submitted process > convert_cifs_to_pdb (157)
[79/2a1d4d] Submitted process > convert_cifs_to_pdb (193)
[35/e1a557] Submitted process > convert_cifs_to_pdb (195)
[c6/4513b9] Submitted process > convert_cifs_to_pdb (171)
[a8/3586f6] Submitted process > convert_cifs_to_pdb (180)
[ec/e01737] Submitted process > convert_cifs_to_pdb (182)
[d7/3e7db8] Submitted process > convert_cifs_to_pdb (194)
[e7/66b824] Submitted process > convert_cifs_to_pdb (200)
[74/24ab0b] Submitted process > convert_cifs_to_pdb (191)
[4e/177dec] Submitted process > convert_cifs_to_pdb (188)
[dd/73dd7f] Submitted process > convert_cifs_to_pdb (184)
[29/02fbe9] Submitted process > convert_cifs_to_pdb (192)
[36/67a9e6] Submitted process > convert_cifs_to_pdb (160)
[1d/09585e] Submitted process > convert_cifs_to_pdb (199)
[ed/aa953e] Submitted process > convert_cifs_to_pdb (205)
[4f/587943] Submitted process > convert_cifs_to_pdb (169)
[ac/bbab51] Submitted process > convert_cifs_to_pdb (196)
[2d/bc29a9] Submitted process > convert_cifs_to_pdb (186)
[86/f67a4d] Submitted process > convert_cifs_to_pdb (185)
[80/904e66] Submitted process > convert_cifs_to_pdb (190)
[a5/ced87c] Submitted process > convert_cifs_to_pdb (201)
[69/89212f] Submitted process > convert_cifs_to_pdb (197)
[7c/f03c69] Submitted process > convert_cifs_to_pdb (202)
[15/48035b] Submitted process > convert_cifs_to_pdb (166)
[a5/defc10] Submitted process > convert_cifs_to_pdb (207)
[88/ac867c] Submitted process > convert_cifs_to_pdb (206)
[76/d96dba] Submitted process > convert_cifs_to_pdb (168)
[b4/ffa32c] Submitted process > convert_cifs_to_pdb (208)
[06/09c5d0] Submitted process > convert_cifs_to_pdb (189)
[60/eb33ab] Submitted process > convert_cifs_to_pdb (203)
[84/01d095] Submitted process > convert_cifs_to_pdb (210)
[c6/36f1b4] Submitted process > convert_cifs_to_pdb (177)
[68/3962c7] Submitted process > convert_cifs_to_pdb (209)
[4c/a7ed62] Submitted process > convert_cifs_to_pdb (198)
[c6/b11975] Submitted process > convert_cifs_to_pdb (204)
[65/e9173f] Submitted process > convert_cifs_to_pdb (213)
[2f/61022b] Submitted process > convert_cifs_to_pdb (212)
[4a/cb00de] Submitted process > convert_cifs_to_pdb (211)
[95/a4843f] Submitted process > convert_cifs_to_pdb (214)
[3a/f6ec37] Submitted process > convert_cifs_to_pdb (215)
[1e/df33e7] Submitted process > convert_cifs_to_pdb (217)
[49/a398a2] Submitted process > convert_cifs_to_pdb (221)
[5b/dfc499] Submitted process > convert_cifs_to_pdb (216)
[73/871d7d] Submitted process > convert_cifs_to_pdb (225)
[51/187615] Submitted process > convert_cifs_to_pdb (223)
[cf/38cd6c] Submitted process > convert_cifs_to_pdb (226)
[f6/e82340] Submitted process > convert_cifs_to_pdb (228)
[38/46b40e] Submitted process > convert_cifs_to_pdb (220)
[fc/dfac10] Submitted process > convert_cifs_to_pdb (227)
[b3/5e7bd7] Submitted process > convert_cifs_to_pdb (219)
[e6/3e52a6] Submitted process > convert_cifs_to_pdb (230)
[8f/81eb8e] Submitted process > convert_cifs_to_pdb (229)
[13/cdee75] Submitted process > convert_cifs_to_pdb (233)
[92/83f423] Submitted process > convert_cifs_to_pdb (234)
[6d/50fbe7] Submitted process > convert_cifs_to_pdb (232)
[f7/72921d] Submitted process > convert_cifs_to_pdb (241)
[31/46352a] Submitted process > convert_cifs_to_pdb (235)
[69/aee5da] Submitted process > convert_cifs_to_pdb (224)
[5c/0125a2] Submitted process > convert_cifs_to_pdb (243)
[e1/5ddb88] Submitted process > convert_cifs_to_pdb (236)
[58/33f0fd] Submitted process > convert_cifs_to_pdb (240)
[6f/6842fd] Submitted process > convert_cifs_to_pdb (244)
[e2/a1d4fd] Submitted process > convert_cifs_to_pdb (251)
[c7/0986b4] Submitted process > convert_cifs_to_pdb (250)
[59/e420a7] Submitted process > convert_cifs_to_pdb (231)
[90/c2932b] Submitted process > convert_cifs_to_pdb (254)
[d0/0f4ba5] Submitted process > convert_cifs_to_pdb (222)
[68/57af61] Submitted process > convert_cifs_to_pdb (246)
[c0/ccbbc5] Submitted process > convert_cifs_to_pdb (245)
[21/55de64] Submitted process > convert_cifs_to_pdb (242)
[3a/60bf3d] Submitted process > convert_cifs_to_pdb (218)
[c5/64d91f] Submitted process > convert_cifs_to_pdb (249)
[eb/c6f71c] Submitted process > convert_cifs_to_pdb (239)
[5f/7b7943] Submitted process > convert_cifs_to_pdb (252)
[f8/a5de17] Submitted process > convert_cifs_to_pdb (247)
[fe/405097] Submitted process > convert_cifs_to_pdb (253)
[b6/8faf11] Submitted process > convert_cifs_to_pdb (255)
[03/0b2c05] Submitted process > convert_cifs_to_pdb (237)
[39/aca920] Submitted process > convert_cifs_to_pdb (238)
[34/fa9b84] Submitted process > convert_cifs_to_pdb (248)
[e8/2c7dfa] Submitted process > convert_cifs_to_pdb (257)
[65/279ffb] Submitted process > convert_cifs_to_pdb (256)
[d3/032048] Submitted process > convert_cifs_to_pdb (263)
[85/f7690b] Submitted process > convert_cifs_to_pdb (261)
[28/ed4175] Submitted process > convert_cifs_to_pdb (258)
[36/f6bef7] Submitted process > convert_cifs_to_pdb (266)
[b6/366b65] Submitted process > convert_cifs_to_pdb (262)
[b7/27847d] Submitted process > convert_cifs_to_pdb (276)
[a3/e4072a] Submitted process > convert_cifs_to_pdb (274)
[bf/0b3616] Submitted process > convert_cifs_to_pdb (285)
[25/238dcf] Submitted process > convert_cifs_to_pdb (271)
[40/fa700f] Submitted process > convert_cifs_to_pdb (278)
[24/f3db13] Submitted process > convert_cifs_to_pdb (273)
[0c/7b393a] Submitted process > convert_cifs_to_pdb (272)
[64/bea993] Submitted process > convert_cifs_to_pdb (281)
[c3/15eb90] Submitted process > convert_cifs_to_pdb (265)
[80/50fd94] Submitted process > convert_cifs_to_pdb (282)
[8d/2806aa] Submitted process > convert_cifs_to_pdb (260)
[47/45c5fb] Submitted process > convert_cifs_to_pdb (259)
[c0/a30096] Submitted process > convert_cifs_to_pdb (289)
[dc/5cb408] Submitted process > convert_cifs_to_pdb (270)
[b9/165f5f] Submitted process > convert_cifs_to_pdb (279)
[af/081c6a] Submitted process > convert_cifs_to_pdb (286)
[2a/e5e4ba] Submitted process > convert_cifs_to_pdb (283)
[90/f079b3] Submitted process > convert_cifs_to_pdb (292)
[c7/45eb40] Submitted process > convert_cifs_to_pdb (294)
[2d/217978] Submitted process > convert_cifs_to_pdb (298)
[7a/7afbb3] Submitted process > convert_cifs_to_pdb (267)
[32/5f7079] Submitted process > convert_cifs_to_pdb (264)
[a7/d704f7] Submitted process > convert_cifs_to_pdb (275)
[13/fd507a] Submitted process > convert_cifs_to_pdb (297)
[dd/aa3885] Submitted process > convert_cifs_to_pdb (299)
[33/a2f330] Submitted process > convert_cifs_to_pdb (277)
[20/5217e8] Submitted process > convert_cifs_to_pdb (291)
[d4/65bd13] Submitted process > convert_cifs_to_pdb (300)
[33/2892f3] Submitted process > convert_cifs_to_pdb (287)
[df/580610] Submitted process > convert_cifs_to_pdb (284)
[4e/c674c8] Submitted process > convert_cifs_to_pdb (295)
[3b/540f1f] Submitted process > convert_cifs_to_pdb (269)
[6c/abd5c4] Submitted process > convert_cifs_to_pdb (309)
[01/51dfeb] Submitted process > convert_cifs_to_pdb (293)
[1a/dce5ff] Submitted process > convert_cifs_to_pdb (268)
[88/567649] Submitted process > convert_cifs_to_pdb (288)
[e4/04952b] Submitted process > convert_cifs_to_pdb (311)
[5d/5e6c68] Submitted process > convert_cifs_to_pdb (307)
[84/577cfd] Submitted process > convert_cifs_to_pdb (280)
[a3/c5b930] Submitted process > convert_cifs_to_pdb (316)
[d2/8f2bb4] Submitted process > convert_cifs_to_pdb (312)
[53/9ec654] Submitted process > convert_cifs_to_pdb (320)
[4e/6a2650] Submitted process > convert_cifs_to_pdb (314)
[6a/fd0f5f] Submitted process > convert_cifs_to_pdb (304)
[58/813ef3] Submitted process > convert_cifs_to_pdb (325)
[bf/38ea48] Submitted process > convert_cifs_to_pdb (296)
[8a/c88691] Submitted process > convert_cifs_to_pdb (313)
[9d/5db02e] Submitted process > convert_cifs_to_pdb (323)
[6f/5897d6] Submitted process > convert_cifs_to_pdb (315)
[8c/c77f01] Submitted process > convert_cifs_to_pdb (319)
[bd/b205c8] Submitted process > convert_cifs_to_pdb (290)
[f4/1f602d] Submitted process > convert_cifs_to_pdb (303)
[28/4c713b] Submitted process > convert_cifs_to_pdb (318)
[50/73783e] Submitted process > convert_cifs_to_pdb (310)
[06/cbfc12] Submitted process > convert_cifs_to_pdb (302)
[bd/c55a32] Submitted process > convert_cifs_to_pdb (305)
[56/433d50] Submitted process > convert_cifs_to_pdb (321)
[48/ab1e0a] Submitted process > convert_cifs_to_pdb (326)
[9c/7f0ef0] Submitted process > convert_cifs_to_pdb (330)
[44/c900bf] Submitted process > convert_cifs_to_pdb (324)
[6b/4857de] Submitted process > convert_cifs_to_pdb (308)
[97/46402a] Submitted process > convert_cifs_to_pdb (317)
[90/0f28e5] Submitted process > convert_cifs_to_pdb (327)
[d9/aec6da] Submitted process > convert_cifs_to_pdb (301)
[0d/8bc752] Submitted process > convert_cifs_to_pdb (322)
[1a/3c6e45] Submitted process > convert_cifs_to_pdb (328)
[22/4b4eff] Submitted process > convert_cifs_to_pdb (329)
[12/ef9f78] Submitted process > convert_cifs_to_pdb (306)
[84/3bfb6f] Submitted process > filter_pdb (24)
[0c/539430] Submitted process > filter_pdb (11)
[bd/8ea27c] Submitted process > filter_pdb (17)
[6e/192a47] Submitted process > filter_pdb (30)
[08/456c61] Submitted process > filter_pdb (7)
[4c/fcf685] Submitted process > filter_pdb (15)
[93/4c00f7] Submitted process > filter_pdb (1)
[59/46d5f4] Submitted process > filter_pdb (12)
[89/4c4214] Submitted process > filter_pdb (25)
[0f/c97dcf] Submitted process > filter_pdb (22)
[a3/7dca02] Submitted process > filter_pdb (31)
[97/31932e] Submitted process > filter_pdb (18)
[20/e5bb7a] Submitted process > filter_pdb (9)
[3b/44d4b4] Submitted process > filter_pdb (10)
[e5/955feb] Submitted process > filter_pdb (29)
[ea/29bce8] Submitted process > filter_pdb (20)
[70/f18851] Submitted process > filter_pdb (16)
[80/0c9e11] Submitted process > filter_pdb (5)
[38/0ed062] Submitted process > filter_pdb (6)
[bf/59f292] Submitted process > filter_pdb (32)
[10/3a65d3] Submitted process > filter_pdb (23)
[9e/0e0b83] Submitted process > filter_pdb (27)
[30/c04349] Submitted process > filter_pdb (2)
[e4/ca7869] Submitted process > filter_pdb (4)
[4e/83e029] Submitted process > filter_pdb (19)
[55/1939f2] Submitted process > filter_pdb (21)
[2b/3d4a00] Submitted process > filter_pdb (28)
[67/06950a] Submitted process > filter_pdb (8)
[f1/edb1c1] Submitted process > filter_pdb (3)
[9d/60ee6a] Submitted process > filter_pdb (33)
[d4/7ffc96] Submitted process > filter_pdb (34)
[6c/73a9ef] Submitted process > filter_pdb (35)
[83/379f97] Submitted process > filter_pdb (37)
[68/e836d4] Submitted process > filter_pdb (38)
[63/ab42d8] Submitted process > filter_pdb (26)
[af/a82ead] Submitted process > filter_pdb (40)
[25/edbd32] Submitted process > filter_pdb (41)
[70/d4a0ce] Submitted process > filter_pdb (14)
[96/1ffbc4] Submitted process > filter_pdb (42)
[e6/e44d7c] Submitted process > filter_pdb (44)
[2d/c49a02] Submitted process > filter_pdb (43)
[65/d6f6cd] Submitted process > filter_pdb (47)
[66/6fa69c] Submitted process > filter_pdb (46)
[da/618939] Submitted process > filter_pdb (45)
[07/aa4d4f] Submitted process > filter_pdb (49)
[fa/4bc69e] Submitted process > filter_pdb (52)
[b1/9dc27e] Submitted process > filter_pdb (39)
[bf/21821d] Submitted process > filter_pdb (50)
[a9/309b42] Submitted process > filter_pdb (54)
[72/847ba8] Submitted process > filter_pdb (56)
[46/a21f6c] Submitted process > filter_pdb (57)
[f1/ce2429] Submitted process > filter_pdb (13)
[5b/b0962e] Submitted process > filter_pdb (59)
[44/5b64e8] Submitted process > filter_pdb (36)
[57/38c634] Submitted process > filter_pdb (61)
[af/721a63] Submitted process > filter_pdb (51)
[15/fcffcf] Submitted process > filter_pdb (53)
[1d/a5f919] Submitted process > filter_pdb (66)
[b3/af624d] Submitted process > filter_pdb (48)
[99/da0967] Submitted process > filter_pdb (62)
[59/ab7a2f] Submitted process > filter_pdb (60)
[09/d92c91] Submitted process > filter_pdb (63)
[d1/c495d9] Submitted process > filter_pdb (65)
[e0/8f83a3] Submitted process > filter_pdb (58)
[19/799864] Submitted process > filter_pdb (55)
[e0/1fa1d5] Submitted process > filter_pdb (64)
[f2/445fe4] Submitted process > run_ted_segmentation (9)
[4d/7fc7eb] Submitted process > run_ted_segmentation (22)
[de/9fca83] Submitted process > run_ted_segmentation (8)
[98/00f370] Submitted process > run_ted_segmentation (3)
[54/623781] Submitted process > run_ted_segmentation (18)
[c2/bf2d4c] Submitted process > run_ted_segmentation (25)
[4d/8848a0] Submitted process > run_ted_segmentation (12)
[8b/197f1c] Submitted process > run_ted_segmentation (24)
[f3/f3b807] Submitted process > run_ted_segmentation (23)
[db/2a9699] Submitted process > run_ted_segmentation (16)
[55/db5d2f] Submitted process > run_ted_segmentation (10)
[9e/ae5a9b] Submitted process > run_ted_segmentation (26)
[ff/f44c08] Submitted process > run_ted_segmentation (14)
[aa/fd9e94] Submitted process > run_ted_segmentation (7)
[4a/e52235] Submitted process > run_ted_segmentation (2)
[6e/1445ac] Submitted process > run_ted_segmentation (1)
[77/ce0496] Submitted process > run_ted_segmentation (13)
[35/ec12bc] Submitted process > run_ted_segmentation (4)
[91/8ee4d0] Submitted process > run_ted_segmentation (30)
[a8/84c357] Submitted process > run_ted_segmentation (27)
[af/4d7f80] Submitted process > run_ted_segmentation (29)
[b7/d15745] Submitted process > run_ted_segmentation (32)
[d1/fda614] Submitted process > run_ted_segmentation (11)
[4e/7325ec] Submitted process > run_ted_segmentation (17)
[02/1c4445] Submitted process > run_ted_segmentation (20)
[f6/0fb66c] Submitted process > run_ted_segmentation (6)
[45/865883] Submitted process > run_ted_segmentation (35)
[d6/0bb9e8] Submitted process > run_ted_segmentation (5)
[28/28e3fd] Submitted process > run_ted_segmentation (41)
[88/d6e006] Submitted process > run_ted_segmentation (36)
[59/a13f40] Submitted process > run_ted_segmentation (31)
[84/b0b874] Submitted process > run_ted_segmentation (34)
[37/6ff701] Submitted process > run_ted_segmentation (19)
[17/43f6c0] Submitted process > run_ted_segmentation (39)
[da/327efd] Submitted process > run_ted_segmentation (33)
[52/c34101] Submitted process > run_ted_segmentation (44)
[84/ec55bd] Submitted process > run_ted_segmentation (45)
[7a/625f0f] Submitted process > run_ted_segmentation (42)
[53/182b4a] Submitted process > run_ted_segmentation (49)
[86/eb4b4d] Submitted process > run_ted_segmentation (28)
[65/985b23] Submitted process > run_ted_segmentation (43)
[fb/572201] Submitted process > run_ted_segmentation (46)
[4b/f8d33b] Submitted process > run_ted_segmentation (52)
[e8/f82247] Submitted process > run_ted_segmentation (54)
[6d/d711e3] Submitted process > run_ted_segmentation (37)
[92/417937] Submitted process > run_ted_segmentation (56)
[39/0e54f2] Submitted process > run_ted_segmentation (59)
[1d/18eeb1] Submitted process > run_ted_segmentation (61)
[cf/b7d5e9] Submitted process > run_ted_segmentation (58)
[bc/c0acc0] Submitted process > run_ted_segmentation (64)
[a2/c885f9] Submitted process > run_ted_segmentation (63)
[fd/9e4038] Submitted process > run_ted_segmentation (38)
[f0/afbbb9] Submitted process > run_ted_segmentation (60)
[4c/01920b] Submitted process > run_ted_segmentation (40)
[d1/d73497] Submitted process > run_ted_segmentation (57)
[78/42b8cd] Submitted process > run_ted_segmentation (15)
[69/8b77d9] Submitted process > run_ted_segmentation (50)
[78/6a7e2e] Submitted process > run_ted_segmentation (21)
[0f/b270d6] Submitted process > run_ted_segmentation (66)
[da/bfefdf] Submitted process > run_ted_segmentation (51)
[da/690e6d] Submitted process > run_ted_segmentation (47)
[7b/ccc73d] Submitted process > run_ted_segmentation (48)
[30/12397d] Submitted process > run_ted_segmentation (62)
[44/9587c9] Submitted process > run_ted_segmentation (65)
[81/a6249a] Submitted process > run_ted_segmentation (53)
[7b/561db0] Submitted process > run_ted_segmentation (55)
nox > Interrupted...
nox > Session nextflow interrupted.
